PS C:\Users\sakur> cd C:\Users\sakur\git_challenge
PS C:\Users\sakur\git_challenge> git add hello_world.txt
PS C:\Users\sakur\git_challenge> git commit -m "hello_world.txtを追加"         
[main 08fa140] hello_world.txtを追加
 1 file changed, 1 insertion(+)
 create mode 100644 git_challenge/hello_world.txt
PS C:\Users\sakur\git_challenge> git add hello_world.txt
PS C:\Users\sakur\git_challenge>  git commit -m "日本語訳を追記"        
[main a28f559] 日本語訳を追記
 1 file changed, 2 insertions(+), 1 deletion(-)
PS C:\Users\sakur\git_challenge> git log --oneline
a28f559 (HEAD -> main) 日本語訳を追記
08fa140 hello_world.txtを追加